2026-10-08 14:00:15,040 - INFO - Configured dataset source directory: C:\Users\skram\OneDrive\Desktop\disease-gene-map\disease-gene-map\backend\data
2026-10-08 14:00:15,042 - INFO - Initializing ETL Pipeline execution...
2026-10-08 14:00:15,042 - INFO - Loading existing primary keys from database for integrity checks...
2026-10-08 14:00:19,505 - INFO - Pre-loaded 0 genes and 0 diseases from DB.
2026-10-08 14:00:19,505 - INFO - Starting ingestion of diseases from: C:\Users\skram\OneDrive\Desktop\disease-gene-map\disease-gene-map\backend\data\diseases_500.csv
2026-10-08 14:00:20,381 - INFO - Diseases batch ingestion completed. Imported/updated 500 records.
2026-10-08 14:00:20,382 - INFO - Starting ingestion of genes from: C:\Users\skram\OneDrive\Desktop\disease-gene-map\disease-gene-map\backend\data\genes_1500.csv
2026-10-08 14:00:22,557 - INFO - Genes batch ingestion completed. Imported/updated 1500 records.
2026-10-08 14:00:22,558 - INFO - Starting ingestion of pathways from: C:\Users\skram\OneDrive\Desktop\disease-gene-map\disease-gene-map\backend\data\pathways_300.csv
2026-10-08 14:00:23,623 - INFO - Pathways batch ingestion completed. Imported/updated 300 records.
2026-10-08 14:00:23,624 - INFO - Starting ingestion of variants from: C:\Users\skram\OneDrive\Desktop\disease-gene-map\disease-gene-map\backend\data\variants_2000.csv
2026-10-08 14:00:25,822 - INFO - Variants batch ingestion completed. Imported/updated 2000 records.
2026-10-08 14:00:25,823 - INFO - Starting ingestion of associations from: C:\Users\skram\OneDrive\Desktop\disease-gene-map\disease-gene-map\backend\data\associations_10000.csv
2026-10-08 14:00:33,641 - INFO - Associations batch ingestion completed. Imported/updated 9924 records.
2026-10-08 14:00:33,644 - INFO - Starting ingestion of drug targets from: C:\Users\skram\OneDrive\Desktop\disease-gene-map\disease-gene-map\backend\data\drug_targets_500.csv
2026-10-08 14:00:34,750 - INFO - Drug targets batch ingestion completed. Imported/updated 500 records.
2026-10-08 14:00:34,750 - INFO - Starting ingestion of publications from: C:\Users\skram\OneDrive\Desktop\disease-gene-map\disease-gene-map\backend\data\publications_1000.csv
2026-10-08 14:00:36,298 - INFO - Publications batch ingestion completed. Imported/updated 1000 records.
2026-10-08 14:00:40,397 - INFO - HEAD http://localhost:9200/ [status:N/A duration:4.098s]
2026-10-08 14:00:40,398 - WARNING - Node <Urllib3HttpNode(http://localhost:9200)> has failed for 1 times in a row, putting on 1 second timeout
2026-10-08 14:00:40,398 - WARNING - Retrying request after failure (attempt 0 of 3)
Traceback (most recent call last):
  File "C:\Users\skram\AppData\Local\Programs\Python\Python312\Lib\site-packages\urllib3\connection.py", line 198, in _new_conn
    sock = connection.create_connection(
           ^^^^^^^^^^^^^^^^^^^^^^^^^^^^^
  File "C:\Users\skram\AppData\Local\Programs\Python\Python312\Lib\site-packages\urllib3\util\connection.py", line 85, in create_connection
    raise err
  File "C:\Users\skram\AppData\Local\Programs\Python\Python312\Lib\site-packages\urllib3\util\connection.py", line 73, in create_connection
    sock.connect(sa)
ConnectionRefusedError: [WinError 10061] No connection could be made because the target machine actively refused it

The above exception was the direct cause of the following exception:

Traceback (most recent call last):
  File "C:\Users\skram\AppData\Local\Programs\Python\Python312\Lib\site-packages\elastic_transport\_node\_http_urllib3.py", line 167, in perform_request
    response = self.pool.urlopen(
               ^^^^^^^^^^^^^^^^^^
  File "C:\Users\skram\AppData\Local\Programs\Python\Python312\Lib\site-packages\urllib3\connectionpool.py", line 841, in urlopen
    retries = retries.increment(
              ^^^^^^^^^^^^^^^^^^
  File "C:\Users\skram\AppData\Local\Programs\Python\Python312\Lib\site-packages\urllib3\util\retry.py", line 449, in increment
    raise reraise(type(error), error, _stacktrace)
          ^^^^^^^^^^^^^^^^^^^^^^^^^^^^^^^^^^^^^^^^
  File "C:\Users\skram\AppData\Local\Programs\Python\Python312\Lib\site-packages\urllib3\util\util.py", line 39, in reraise
    raise value
  File "C:\Users\skram\AppData\Local\Programs\Python\Python312\Lib\site-packages\urllib3\connectionpool.py", line 787, in urlopen
    response = self._make_request(
               ^^^^^^^^^^^^^^^^^^^
  File "C:\Users\skram\AppData\Local\Programs\Python\Python312\Lib\site-packages\urllib3\connectionpool.py", line 493, in _make_request
    conn.request(
  File "C:\Users\skram\AppData\Local\Programs\Python\Python312\Lib\site-packages\urllib3\connection.py", line 445, in request
    self.endheaders()
  File "C:\Users\skram\AppData\Local\Programs\Python\Python312\Lib\http\client.py", line 1322, in endheaders
    self._send_output(message_body, encode_chunked=encode_chunked)
  File "C:\Users\skram\AppData\Local\Programs\Python\Python312\Lib\http\client.py", line 1081, in _send_output
    self.send(msg)
  File "C:\Users\skram\AppData\Local\Programs\Python\Python312\Lib\http\client.py", line 1025, in send
    self.connect()
  File "C:\Users\skram\AppData\Local\Programs\Python\Python312\Lib\site-packages\urllib3\connection.py", line 276, in connect
    self.sock = self._new_conn()
                ^^^^^^^^^^^^^^^^
  File "C:\Users\skram\AppData\Local\Programs\Python\Python312\Lib\site-packages\urllib3\connection.py", line 213, in _new_conn
    raise NewConnectionError(
urllib3.exceptions.NewConnectionError: <urllib3.connection.HTTPConnection object at 0x000001DE9175C7D0>: Failed to establish a new connection: [WinError 10061] No connection could be made because the target machine actively refused it

The above exception was the direct cause of the following exception:

Traceback (most recent call last):
  File "C:\Users\skram\AppData\Local\Programs\Python\Python312\Lib\site-packages\elastic_transport\_transport.py", line 342, in perform_request
    resp = node.perform_request(
           ^^^^^^^^^^^^^^^^^^^^^
  File "C:\Users\skram\AppData\Local\Programs\Python\Python312\Lib\site-packages\elastic_transport\_node\_http_urllib3.py", line 202, in perform_request
    raise err from e
elastic_transport.ConnectionError: Connection error caused by: NewConnectionError(<urllib3.connection.HTTPConnection object at 0x000001DE9175C7D0>: Failed to establish a new connection: [WinError 10061] No connection could be made because the target machine actively refused it)
2026-10-08 14:00:44,665 - INFO - HEAD http://localhost:9200/ [status:N/A duration:4.093s]
2026-10-08 14:00:44,667 - WARNING - Node <Urllib3HttpNode(http://localhost:9200)> has failed for 2 times in a row, putting on 2 second timeout
2026-10-08 14:00:44,667 - WARNING - Retrying request after failure (attempt 1 of 3)
Traceback (most recent call last):
  File "C:\Users\skram\AppData\Local\Programs\Python\Python312\Lib\site-packages\urllib3\connection.py", line 198, in _new_conn
    sock = connection.create_connection(
           ^^^^^^^^^^^^^^^^^^^^^^^^^^^^^
  File "C:\Users\skram\AppData\Local\Programs\Python\Python312\Lib\site-packages\urllib3\util\connection.py", line 85, in create_connection
    raise err
  File "C:\Users\skram\AppData\Local\Programs\Python\Python312\Lib\site-packages\urllib3\util\connection.py", line 73, in create_connection
    sock.connect(sa)
ConnectionRefusedError: [WinError 10061] No connection could be made because the target machine actively refused it

The above exception was the direct cause of the following exception:

Traceback (most recent call last):
  File "C:\Users\skram\AppData\Local\Programs\Python\Python312\Lib\site-packages\elastic_transport\_node\_http_urllib3.py", line 167, in perform_request
    response = self.pool.urlopen(
               ^^^^^^^^^^^^^^^^^^
  File "C:\Users\skram\AppData\Local\Programs\Python\Python312\Lib\site-packages\urllib3\connectionpool.py", line 841, in urlopen
    retries = retries.increment(
              ^^^^^^^^^^^^^^^^^^
  File "C:\Users\skram\AppData\Local\Programs\Python\Python312\Lib\site-packages\urllib3\util\retry.py", line 449, in increment
    raise reraise(type(error), error, _stacktrace)
          ^^^^^^^^^^^^^^^^^^^^^^^^^^^^^^^^^^^^^^^^
  File "C:\Users\skram\AppData\Local\Programs\Python\Python312\Lib\site-packages\urllib3\util\util.py", line 39, in reraise
    raise value
  File "C:\Users\skram\AppData\Local\Programs\Python\Python312\Lib\site-packages\urllib3\connectionpool.py", line 787, in urlopen
    response = self._make_request(
               ^^^^^^^^^^^^^^^^^^^
  File "C:\Users\skram\AppData\Local\Programs\Python\Python312\Lib\site-packages\urllib3\connectionpool.py", line 493, in _make_request
    conn.request(
  File "C:\Users\skram\AppData\Local\Programs\Python\Python312\Lib\site-packages\urllib3\connection.py", line 445, in request
    self.endheaders()
  File "C:\Users\skram\AppData\Local\Programs\Python\Python312\Lib\http\client.py", line 1322, in endheaders
    self._send_output(message_body, encode_chunked=encode_chunked)
  File "C:\Users\skram\AppData\Local\Programs\Python\Python312\Lib\http\client.py", line 1081, in _send_output
    self.send(msg)
  File "C:\Users\skram\AppData\Local\Programs\Python\Python312\Lib\http\client.py", line 1025, in send
    self.connect()
  File "C:\Users\skram\AppData\Local\Programs\Python\Python312\Lib\site-packages\urllib3\connection.py", line 276, in connect
    self.sock = self._new_conn()
                ^^^^^^^^^^^^^^^^
  File "C:\Users\skram\AppData\Local\Programs\Python\Python312\Lib\site-packages\urllib3\connection.py", line 213, in _new_conn
    raise NewConnectionError(
urllib3.exceptions.NewConnectionError: <urllib3.connection.HTTPConnection object at 0x000001DE9185AA50>: Failed to establish a new connection: [WinError 10061] No connection could be made because the target machine actively refused it

The above exception was the direct cause of the following exception:

Traceback (most recent call last):
  File "C:\Users\skram\AppData\Local\Programs\Python\Python312\Lib\site-packages\elastic_transport\_transport.py", line 342, in perform_request
    resp = node.perform_request(
           ^^^^^^^^^^^^^^^^^^^^^
  File "C:\Users\skram\AppData\Local\Programs\Python\Python312\Lib\site-packages\elastic_transport\_node\_http_urllib3.py", line 202, in perform_request
    raise err from e
elastic_transport.ConnectionError: Connection error caused by: NewConnectionError(<urllib3.connection.HTTPConnection object at 0x000001DE9185AA50>: Failed to establish a new connection: [WinError 10061] No connection could be made because the target machine actively refused it)
2026-10-08 14:00:44,671 - INFO - Resurrected node <Urllib3HttpNode(http://localhost:9200)> (force=False)
2026-10-08 14:00:48,755 - INFO - HEAD http://localhost:9200/ [status:N/A duration:4.085s]
2026-10-08 14:00:48,755 - WARNING - Node <Urllib3HttpNode(http://localhost:9200)> has failed for 3 times in a row, putting on 4 second timeout
2026-10-08 14:00:48,755 - WARNING - Retrying request after failure (attempt 2 of 3)
Traceback (most recent call last):
  File "C:\Users\skram\AppData\Local\Programs\Python\Python312\Lib\site-packages\urllib3\connection.py", line 198, in _new_conn
    sock = connection.create_connection(
           ^^^^^^^^^^^^^^^^^^^^^^^^^^^^^
  File "C:\Users\skram\AppData\Local\Programs\Python\Python312\Lib\site-packages\urllib3\util\connection.py", line 85, in create_connection
    raise err
  File "C:\Users\skram\AppData\Local\Programs\Python\Python312\Lib\site-packages\urllib3\util\connection.py", line 73, in create_connection
    sock.connect(sa)
ConnectionRefusedError: [WinError 10061] No connection could be made because the target machine actively refused it

The above exception was the direct cause of the following exception:

Traceback (most recent call last):
  File "C:\Users\skram\AppData\Local\Programs\Python\Python312\Lib\site-packages\elastic_transport\_node\_http_urllib3.py", line 167, in perform_request
    response = self.pool.urlopen(
               ^^^^^^^^^^^^^^^^^^
  File "C:\Users\skram\AppData\Local\Programs\Python\Python312\Lib\site-packages\urllib3\connectionpool.py", line 841, in urlopen
    retries = retries.increment(
              ^^^^^^^^^^^^^^^^^^
  File "C:\Users\skram\AppData\Local\Programs\Python\Python312\Lib\site-packages\urllib3\util\retry.py", line 449, in increment
    raise reraise(type(error), error, _stacktrace)
          ^^^^^^^^^^^^^^^^^^^^^^^^^^^^^^^^^^^^^^^^
  File "C:\Users\skram\AppData\Local\Programs\Python\Python312\Lib\site-packages\urllib3\util\util.py", line 39, in reraise
    raise value
  File "C:\Users\skram\AppData\Local\Programs\Python\Python312\Lib\site-packages\urllib3\connectionpool.py", line 787, in urlopen
    response = self._make_request(
               ^^^^^^^^^^^^^^^^^^^
  File "C:\Users\skram\AppData\Local\Programs\Python\Python312\Lib\site-packages\urllib3\connectionpool.py", line 493, in _make_request
    conn.request(
  File "C:\Users\skram\AppData\Local\Programs\Python\Python312\Lib\site-packages\urllib3\connection.py", line 445, in request
    self.endheaders()
  File "C:\Users\skram\AppData\Local\Programs\Python\Python312\Lib\http\client.py", line 1322, in endheaders
    self._send_output(message_body, encode_chunked=encode_chunked)
  File "C:\Users\skram\AppData\Local\Programs\Python\Python312\Lib\http\client.py", line 1081, in _send_output
    self.send(msg)
  File "C:\Users\skram\AppData\Local\Programs\Python\Python312\Lib\http\client.py", line 1025, in send
    self.connect()
  File "C:\Users\skram\AppData\Local\Programs\Python\Python312\Lib\site-packages\urllib3\connection.py", line 276, in connect
    self.sock = self._new_conn()
                ^^^^^^^^^^^^^^^^
  File "C:\Users\skram\AppData\Local\Programs\Python\Python312\Lib\site-packages\urllib3\connection.py", line 213, in _new_conn
    raise NewConnectionError(
urllib3.exceptions.NewConnectionError: <urllib3.connection.HTTPConnection object at 0x000001DE9185A630>: Failed to establish a new connection: [WinError 10061] No connection could be made because the target machine actively refused it

The above exception was the direct cause of the following exception:

Traceback (most recent call last):
  File "C:\Users\skram\AppData\Local\Programs\Python\Python312\Lib\site-packages\elastic_transport\_transport.py", line 342, in perform_request
    resp = node.perform_request(
           ^^^^^^^^^^^^^^^^^^^^^
  File "C:\Users\skram\AppData\Local\Programs\Python\Python312\Lib\site-packages\elastic_transport\_node\_http_urllib3.py", line 202, in perform_request
    raise err from e
elastic_transport.ConnectionError: Connection error caused by: NewConnectionError(<urllib3.connection.HTTPConnection object at 0x000001DE9185A630>: Failed to establish a new connection: [WinError 10061] No connection could be made because the target machine actively refused it)
2026-10-08 14:00:48,757 - INFO - Resurrected node <Urllib3HttpNode(http://localhost:9200)> (force=False)
2026-10-08 14:00:52,833 - INFO - HEAD http://localhost:9200/ [status:N/A duration:4.075s]
2026-10-08 14:00:52,833 - WARNING - Node <Urllib3HttpNode(http://localhost:9200)> has failed for 4 times in a row, putting on 8 second timeout
2026-10-08 14:00:52,833 - WARNING - Elasticsearch is offline. Skipping indexing (SQL data is still saved).
2026-10-08 14:00:52,833 - INFO - ETL execution completed in 37.79 seconds.
2026-10-08 14:00:52,834 - INFO - ========================================
2026-10-08 14:00:52,834 - INFO -          ETL INGESTION REPORT           
2026-10-08 14:00:52,834 - INFO - ========================================
2026-10-08 14:00:52,834 - INFO - Dataset 'diseases':
2026-10-08 14:00:52,834 - INFO -   - Total processed: 500
2026-10-08 14:00:52,834 - INFO -   - Successfully imported/updated: 500
2026-10-08 14:00:52,834 - INFO -   - Rejected / Failed: 0
2026-10-08 14:00:52,836 - INFO - Dataset 'genes':
2026-10-08 14:00:52,836 - INFO -   - Total processed: 1500
2026-10-08 14:00:52,836 - INFO -   - Successfully imported/updated: 1500
2026-10-08 14:00:52,836 - INFO -   - Rejected / Failed: 0
2026-10-08 14:00:52,836 - INFO - Dataset 'variants':
2026-10-08 14:00:52,836 - INFO -   - Total processed: 2000
2026-10-08 14:00:52,837 - INFO -   - Successfully imported/updated: 2000
2026-10-08 14:00:52,837 - INFO -   - Rejected / Failed: 0
2026-10-08 14:00:52,837 - INFO - Dataset 'associations':
2026-10-08 14:00:52,837 - INFO -   - Total processed: 9924
2026-10-08 14:00:52,837 - INFO -   - Successfully imported/updated: 9924
2026-10-08 14:00:52,837 - INFO -   - Rejected / Failed: 0
2026-10-08 14:00:52,837 - INFO - Dataset 'pathways':
2026-10-08 14:00:52,837 - INFO -   - Total processed: 300
2026-10-08 14:00:52,837 - INFO -   - Successfully imported/updated: 300
2026-10-08 14:00:52,839 - INFO -   - Rejected / Failed: 0
2026-10-08 14:00:52,839 - INFO - Dataset 'drug_targets':
2026-10-08 14:00:52,839 - INFO -   - Total processed: 500
2026-10-08 14:00:52,839 - INFO -   - Successfully imported/updated: 500
2026-10-08 14:00:52,839 - INFO -   - Rejected / Failed: 0
2026-10-08 14:00:52,840 - INFO - Dataset 'publications':
2026-10-08 14:00:52,840 - INFO -   - Total processed: 1000
2026-10-08 14:00:52,840 - INFO -   - Successfully imported/updated: 1000
2026-10-08 14:00:52,840 - INFO -   - Rejected / Failed: 0
2026-10-08 14:00:52,840 - INFO - ========================================
2026-10-08 14:00:52,843 - INFO - Detailed data quality report saved to: etl_report.json
